LAMMPS (15 May 2015)
Reading data file ...
  orthogonal box = (-100.81 -100.507 -100.046) to (150.81 150.507 150.046)
  1 by 1 by 1 MPI processor grid
  reading atoms ...
  4299 atoms
  scanning bonds ...
  2 = max bonds/atom
  scanning angles ...
  1 = max angles/atom
  scanning dihedrals ...
  2 = max dihedrals/atom
  reading bonds ...
  1648 bonds
  reading angles ...
  1442 angles
  reading dihedrals ...
  1236 dihedrals
Finding 1-2 1-3 1-4 neighbors ...
 Special bond factors lj:   0          0          0         
 Special bond factors coul: 0          0          0         
  2 = max # of 1-2 neighbors
  2 = max # of 1-3 neighbors
  4 = max # of 1-4 neighbors
  6 = max # of special neighbors
2445 atoms in group crystal
1854 atoms in group adsorbate
Neighbor list info ...
  5 neighbor list requests
  update every 1 steps, delay 5 steps, check yes
  master list distance cutoff = 13
Setting up run ...
Memory usage per processor = 8.23347 Mbytes
Step Temp E_pair E_mol TotEng Press 
       0            0   -4566.7871   -244.89424   -4811.6813   -20.474129 
Loop time of 2.14577e-06 on 1 procs for 0 steps with 4299 atoms

Pair  time (%) = 0 (0)
Bond  time (%) = 0 (0)
Neigh time (%) = 0 (0)
Comm  time (%) = 0 (0)
Outpt time (%) = 0 (0)
Other time (%) = 2.14577e-06 (100)

Nlocal:    4299 ave 4299 max 4299 min
Histogram: 1 0 0 0 0 0 0 0 0 0
Nghost:    0 ave 0 max 0 min
Histogram: 1 0 0 0 0 0 0 0 0 0
Neighs:    444182 ave 444182 max 444182 min
Histogram: 1 0 0 0 0 0 0 0 0 0
FullNghs:  888364 ave 888364 max 888364 min
Histogram: 1 0 0 0 0 0 0 0 0 0

Total # of neighbors = 888364
Ave neighs/atom = 206.644
Ave special neighs/atom = 2.01256
Neighbor list builds = 0
Dangerous builds = 0
System init for write_data ...
10 atoms in group restOfchain
System init for delete_bonds ...
Deleting bonds ...
  1648 total bonds, 1638 turned on, 10 turned off
  1442 total angles, 1432 turned on, 10 turned off
  1236 total dihedrals, 1226 turned on, 10 turned off
  0 total impropers, 0 turned on, 0 turned off
13 atoms in group cbmc_mol
4286 atoms in group all_else
4 atoms in group beginOfchain
9 atoms in group restOfchain
System init for delete_bonds ...
Deleting bonds ...
  1648 total bonds, 1639 turned on, 9 turned off
  1442 total angles, 1433 turned on, 9 turned off
  1236 total dihedrals, 1227 turned on, 9 turned off
  0 total impropers, 0 turned on, 0 turned off
Setting up run ...
Memory usage per processor = 8.23347 Mbytes
Step Temp E_pair E_mol TotEng Press 
       0            0   -31.196627   -244.94444   -276.14107   -18.616833 
       1            0   -31.196627   -244.94444   -276.14107   -18.616833 
Loop time of 0.0169649 on 1 procs for 1 steps with 4299 atoms
Setting up run ...
Memory usage per processor = 8.23347 Mbytes
Step Temp E_pair E_mol TotEng Press 
       1            0   -31.196627   -244.94444   -276.14107   -18.616833 
       2            0   -31.196627   -244.94444   -276.14107   -18.616833 
Loop time of 0.017061 on 1 procs for 1 steps with 4299 atoms
Setting up run ...
Memory usage per processor = 8.23347 Mbytes
Step Temp E_pair E_mol TotEng Press 
       2            0   -21.593606   -245.24498   -266.83859   -18.459062 
       3            0   -21.593606   -245.24498   -266.83859   -18.459062 
Loop time of 0.017184 on 1 procs for 1 steps with 4299 atoms
Setting up run ...
Memory usage per processor = 8.23347 Mbytes
Step Temp E_pair E_mol TotEng Press 
       3            0  -0.83878274   -245.22916   -246.06794   -18.052288 
       4            0  -0.83878274   -245.22916   -246.06794   -18.052288 
Loop time of 0.0171828 on 1 procs for 1 steps with 4299 atoms
Setting up run ...
Memory usage per processor = 8.23347 Mbytes
Step Temp E_pair E_mol TotEng Press 
       4            0    2404.0103   -243.62636     2160.384    24.283509 
       5            0    2404.0103   -243.62636     2160.384    24.283509 
Loop time of 0.0171621 on 1 procs for 1 steps with 4299 atoms
Setting up run ...
Memory usage per processor = 8.23347 Mbytes
Step Temp E_pair E_mol TotEng Press 
       5            0    2736.1475   -243.63193    2492.5155    30.077598 
       6            0    2736.1475   -243.63193    2492.5155    30.077598 
Loop time of 0.0170081 on 1 procs for 1 steps with 4299 atoms
5 atoms in group beginOfchain
8 atoms in group restOfchain
System init for delete_bonds ...
Deleting bonds ...
  1648 total bonds, 1640 turned on, 8 turned off
  1442 total angles, 1434 turned on, 8 turned off
  1236 total dihedrals, 1228 turned on, 8 turned off
  0 total impropers, 0 turned on, 0 turned off
Setting up run ...
Memory usage per processor = 8.23347 Mbytes
Step Temp E_pair E_mol TotEng Press 
       6            0   -21.680323   -244.93207    -266.6124   -18.586634 
       7            0   -21.680323   -244.93207    -266.6124   -18.586634 
Loop time of 0.017153 on 1 procs for 1 steps with 4299 atoms
Setting up run ...
Memory usage per processor = 8.23347 Mbytes
Step Temp E_pair E_mol TotEng Press 
       7            0   -21.680323   -244.93207    -266.6124   -18.586634 
       8            0   -21.680323   -244.93207    -266.6124   -18.586634 
Loop time of 0.0169752 on 1 procs for 1 steps with 4299 atoms
Setting up run ...
Memory usage per processor = 8.23347 Mbytes
Step Temp E_pair E_mol TotEng Press 
       8            0   -20.908492   -245.02249   -265.93098   -18.531616 
       9            0   -20.908492   -245.02249   -265.93098   -18.531616 
Loop time of 0.017076 on 1 procs for 1 steps with 4299 atoms
Setting up run ...
Memory usage per processor = 8.23347 Mbytes
Step Temp E_pair E_mol TotEng Press 
       9            0   -21.569209   -244.93198   -266.50119   -18.582775 
      10            0   -21.569209   -244.93198   -266.50119   -18.582775 
Loop time of 0.017091 on 1 procs for 1 steps with 4299 atoms
Setting up run ...
Memory usage per processor = 8.23347 Mbytes
Step Temp E_pair E_mol TotEng Press 
      10            0   -8.9443462   -244.71297   -253.65732   -18.293975 
      11            0   -8.9443462   -244.71297   -253.65732   -18.293975 
Loop time of 0.017061 on 1 procs for 1 steps with 4299 atoms
Setting up run ...
Memory usage per processor = 8.23347 Mbytes
Step Temp E_pair E_mol TotEng Press 
      11            0   -21.692532   -245.01601   -266.70854   -18.586365 
      12            0   -21.692532   -245.01601   -266.70854   -18.586365 
Loop time of 0.017138 on 1 procs for 1 steps with 4299 atoms
6 atoms in group beginOfchain
7 atoms in group restOfchain
System init for delete_bonds ...
Deleting bonds ...
  1648 total bonds, 1641 turned on, 7 turned off
  1442 total angles, 1435 turned on, 7 turned off
  1236 total dihedrals, 1229 turned on, 7 turned off
  0 total impropers, 0 turned on, 0 turned off
Setting up run ...
Memory usage per processor = 8.23347 Mbytes
Step Temp E_pair E_mol TotEng Press 
      12            0   -21.680323   -244.92579   -266.60612   -18.609971 
      13            0   -21.680323   -244.92579   -266.60612   -18.609971 
Loop time of 0.0171552 on 1 procs for 1 steps with 4299 atoms
Setting up run ...
Memory usage per processor = 8.23347 Mbytes
Step Temp E_pair E_mol TotEng Press 
      13            0   -21.680323   -244.92579   -266.60612   -18.609971 
      14            0   -21.680323   -244.92579   -266.60612   -18.609971 
Loop time of 0.0172739 on 1 procs for 1 steps with 4299 atoms
Setting up run ...
Memory usage per processor = 8.23347 Mbytes
Step Temp E_pair E_mol TotEng Press 
      14            0   -18.177189   -245.00892   -263.18611   -18.462455 
      15            0   -18.177189   -245.00892   -263.18611   -18.462455 
Loop time of 0.0171731 on 1 procs for 1 steps with 4299 atoms
Setting up run ...
Memory usage per processor = 8.23347 Mbytes
Step Temp E_pair E_mol TotEng Press 
      15            0   -23.322679   -244.75102    -268.0737   -18.544397 
      16            0   -23.322679   -244.75102    -268.0737   -18.544397 
Loop time of 0.0172019 on 1 procs for 1 steps with 4299 atoms
Setting up run ...
Memory usage per processor = 8.23347 Mbytes
Step Temp E_pair E_mol TotEng Press 
      16            0   -13.673586   -245.07824   -258.75183   -18.282136 
      17            0   -13.673586   -245.07824   -258.75183   -18.282136 
Loop time of 0.0171289 on 1 procs for 1 steps with 4299 atoms
Setting up run ...
Memory usage per processor = 8.23347 Mbytes
Step Temp E_pair E_mol TotEng Press 
      17            0   -18.010281   -245.01871   -263.02899   -18.454348 
      18            0   -18.010281   -245.01871   -263.02899   -18.454348 
Loop time of 0.01719 on 1 procs for 1 steps with 4299 atoms
7 atoms in group beginOfchain
6 atoms in group restOfchain
System init for delete_bonds ...
Deleting bonds ...
  1648 total bonds, 1642 turned on, 6 turned off
  1442 total angles, 1436 turned on, 6 turned off
  1236 total dihedrals, 1230 turned on, 6 turned off
  0 total impropers, 0 turned on, 0 turned off
Setting up run ...
Memory usage per processor = 8.23347 Mbytes
Step Temp E_pair E_mol TotEng Press 
      18            0   -21.680323   -244.90861   -266.58893   -18.632282 
      19            0   -21.680323   -244.90861   -266.58893   -18.632282 
Loop time of 0.0173571 on 1 procs for 1 steps with 4299 atoms
Setting up run ...
Memory usage per processor = 8.23347 Mbytes
Step Temp E_pair E_mol TotEng Press 
      19            0   -21.680323   -244.90861   -266.58893   -18.632282 
      20            0   -21.680323   -244.90861   -266.58893   -18.632282 
Loop time of 0.0170791 on 1 procs for 1 steps with 4299 atoms
Setting up run ...
Memory usage per processor = 8.23347 Mbytes
Step Temp E_pair E_mol TotEng Press 
      20            0   -22.685613   -244.69226   -267.37787   -18.665464 
      21            0   -22.685613   -244.69226   -267.37787   -18.665464 
Loop time of 0.017107 on 1 procs for 1 steps with 4299 atoms
Setting up run ...
Memory usage per processor = 8.23347 Mbytes
Step Temp E_pair E_mol TotEng Press 
      21            0   -20.254019   -245.06244   -265.31645   -18.611794 
      22            0   -20.254019   -245.06244   -265.31645   -18.611794 
Loop time of 0.0170929 on 1 procs for 1 steps with 4299 atoms
Setting up run ...
Memory usage per processor = 8.23347 Mbytes
Step Temp E_pair E_mol TotEng Press 
      22            0   -21.720154   -244.87268   -266.59283   -18.615363 
      23            0   -21.720154   -244.87268   -266.59283   -18.615363 
Loop time of 0.016993 on 1 procs for 1 steps with 4299 atoms
Setting up run ...
Memory usage per processor = 8.23347 Mbytes
Step Temp E_pair E_mol TotEng Press 
      23            0   -22.678815   -244.69305   -267.37186    -18.66564 
      24            0   -22.678815   -244.69305   -267.37186    -18.66564 
Loop time of 0.0169389 on 1 procs for 1 steps with 4299 atoms
8 atoms in group beginOfchain
5 atoms in group restOfchain
System init for delete_bonds ...
Deleting bonds ...
  1648 total bonds, 1643 turned on, 5 turned off
  1442 total angles, 1437 turned on, 5 turned off
  1236 total dihedrals, 1231 turned on, 5 turned off
  0 total impropers, 0 turned on, 0 turned off
Setting up run ...
Memory usage per processor = 8.23347 Mbytes
Step Temp E_pair E_mol TotEng Press 
      24            0   -21.680323    -244.8968   -266.57712   -18.653369 
      25            0   -21.680323    -244.8968   -266.57712   -18.653369 
Loop time of 0.0181689 on 1 procs for 1 steps with 4299 atoms
Setting up run ...
Memory usage per processor = 8.23347 Mbytes
Step Temp E_pair E_mol TotEng Press 
      25            0   -21.680323    -244.8968   -266.57712   -18.653369 
      26            0   -21.680323    -244.8968   -266.57712   -18.653369 
Loop time of 0.017041 on 1 procs for 1 steps with 4299 atoms
Setting up run ...
Memory usage per processor = 8.23347 Mbytes
Step Temp E_pair E_mol TotEng Press 
      26            0    11089.913   -245.05282     10844.86    175.38575 
      27            0    11089.913   -245.05282     10844.86    175.38575 
Loop time of 0.017107 on 1 procs for 1 steps with 4299 atoms
Setting up run ...
Memory usage per processor = 8.23347 Mbytes
Step Temp E_pair E_mol TotEng Press 
      27            0   -22.416105   -244.84388   -267.25998   -18.672821 
      28            0   -22.416105   -244.84388   -267.25998   -18.672821 
Loop time of 0.017113 on 1 procs for 1 steps with 4299 atoms
Setting up run ...
Memory usage per processor = 8.23347 Mbytes
Step Temp E_pair E_mol TotEng Press 
      28            0   -22.083261   -244.78072   -266.86398   -18.675957 
      29            0   -22.083261   -244.78072   -266.86398   -18.675957 
Loop time of 0.0170519 on 1 procs for 1 steps with 4299 atoms
Setting up run ...
Memory usage per processor = 8.23347 Mbytes
Step Temp E_pair E_mol TotEng Press 
      29            0   -21.442899   -244.70334   -266.14624   -18.679072 
      30            0   -21.442899   -244.70334   -266.14624   -18.679072 
Loop time of 0.017019 on 1 procs for 1 steps with 4299 atoms
9 atoms in group beginOfchain
4 atoms in group restOfchain
System init for delete_bonds ...
Deleting bonds ...
  1648 total bonds, 1644 turned on, 4 turned off
  1442 total angles, 1438 turned on, 4 turned off
  1236 total dihedrals, 1232 turned on, 4 turned off
  0 total impropers, 0 turned on, 0 turned off
Setting up run ...
Memory usage per processor = 8.23347 Mbytes
Step Temp E_pair E_mol TotEng Press 
      30            0   -21.680323   -244.89778   -266.57811   -18.675543 
      31            0   -21.680323   -244.89778   -266.57811   -18.675543 
Loop time of 0.016959 on 1 procs for 1 steps with 4299 atoms
Setting up run ...
Memory usage per processor = 8.23347 Mbytes
Step Temp E_pair E_mol TotEng Press 
      31            0   -21.680323   -244.89778   -266.57811   -18.675543 
      32            0   -21.680323   -244.89778   -266.57811   -18.675543 
Loop time of 0.017168 on 1 procs for 1 steps with 4299 atoms
Setting up run ...
Memory usage per processor = 8.23347 Mbytes
Step Temp E_pair E_mol TotEng Press 
      32            0   -20.344295   -244.91412   -265.25842   -18.613308 
      33            0   -20.344295   -244.91412   -265.25842   -18.613308 
Loop time of 0.0173481 on 1 procs for 1 steps with 4299 atoms
Setting up run ...
Memory usage per processor = 8.23347 Mbytes
Step Temp E_pair E_mol TotEng Press 
      33            0   -21.721493   -244.84749   -266.56899   -18.699192 
      34            0   -21.721493   -244.84749   -266.56899   -18.699192 
Loop time of 0.0172811 on 1 procs for 1 steps with 4299 atoms
Setting up run ...
Memory usage per processor = 8.23347 Mbytes
Step Temp E_pair E_mol TotEng Press 
      34            0   -20.232266   -244.95549   -265.18776   -18.618438 
      35            0   -20.232266   -244.95549   -265.18776   -18.618438 
Loop time of 0.0171258 on 1 procs for 1 steps with 4299 atoms
Setting up run ...
Memory usage per processor = 8.23347 Mbytes
Step Temp E_pair E_mol TotEng Press 
      35            0   -20.198504    -245.0406    -265.2391   -18.642146 
      36            0   -20.198504    -245.0406    -265.2391   -18.642146 
Loop time of 0.017072 on 1 procs for 1 steps with 4299 atoms
10 atoms in group beginOfchain
3 atoms in group restOfchain
System init for delete_bonds ...
Deleting bonds ...
  1648 total bonds, 1645 turned on, 3 turned off
  1442 total angles, 1439 turned on, 3 turned off
  1236 total dihedrals, 1233 turned on, 3 turned off
  0 total impropers, 0 turned on, 0 turned off
Setting up run ...
Memory usage per processor = 8.23347 Mbytes
Step Temp E_pair E_mol TotEng Press 
      36            0   -21.680323   -244.89401   -266.57433   -18.698228 
      37            0   -21.680323   -244.89401   -266.57433   -18.698228 
Loop time of 0.01717 on 1 procs for 1 steps with 4299 atoms
Setting up run ...
Memory usage per processor = 8.23347 Mbytes
Step Temp E_pair E_mol TotEng Press 
      37            0   -21.680323   -244.89401   -266.57433   -18.698228 
      38            0   -21.680323   -244.89401   -266.57433   -18.698228 
Loop time of 0.017102 on 1 procs for 1 steps with 4299 atoms
Setting up run ...
Memory usage per processor = 8.23347 Mbytes
Step Temp E_pair E_mol TotEng Press 
      38            0   -21.997471   -244.70814   -266.70561   -18.724791 
      39            0   -21.997471   -244.70814   -266.70561   -18.724791 
Loop time of 0.0170641 on 1 procs for 1 steps with 4299 atoms
Setting up run ...
Memory usage per processor = 8.23347 Mbytes
Step Temp E_pair E_mol TotEng Press 
      39            0    755.60803   -244.77579    510.83224   -4.8363773 
      40            0    755.60803   -244.77579    510.83224   -4.8363773 
Loop time of 0.0169649 on 1 procs for 1 steps with 4299 atoms
Setting up run ...
Memory usage per processor = 8.23347 Mbytes
Step Temp E_pair E_mol TotEng Press 
      40            0   -6.2343668   -245.04712   -251.28149   -18.305588 
      41            0   -6.2343668   -245.04712   -251.28149   -18.305588 
Loop time of 0.0171258 on 1 procs for 1 steps with 4299 atoms
Setting up run ...
Memory usage per processor = 8.23347 Mbytes
Step Temp E_pair E_mol TotEng Press 
      41            0   -17.291832   -245.04964   -262.34147   -18.534343 
      42            0   -17.291832   -245.04964   -262.34147   -18.534343 
Loop time of 0.0171258 on 1 procs for 1 steps with 4299 atoms
11 atoms in group beginOfchain
2 atoms in group restOfchain
System init for delete_bonds ...
Deleting bonds ...
  1648 total bonds, 1646 turned on, 2 turned off
  1442 total angles, 1440 turned on, 2 turned off
  1236 total dihedrals, 1234 turned on, 2 turned off
  0 total impropers, 0 turned on, 0 turned off
Setting up run ...
Memory usage per processor = 8.23347 Mbytes
Step Temp E_pair E_mol TotEng Press 
      42            0   -21.680323   -244.88619   -266.56651   -18.719112 
      43            0   -21.680323   -244.88619   -266.56651   -18.719112 
Loop time of 0.0169442 on 1 procs for 1 steps with 4299 atoms
Setting up run ...
Memory usage per processor = 8.23347 Mbytes
Step Temp E_pair E_mol TotEng Press 
      43            0   -21.680323   -244.88619   -266.56651   -18.719112 
      44            0   -21.680323   -244.88619   -266.56651   -18.719112 
Loop time of 0.0178568 on 1 procs for 1 steps with 4299 atoms
Setting up run ...
Memory usage per processor = 8.23347 Mbytes
Step Temp E_pair E_mol TotEng Press 
      44            0    -21.05316   -244.91584     -265.969   -18.658999 
      45            0    -21.05316   -244.91584     -265.969   -18.658999 
Loop time of 0.0170579 on 1 procs for 1 steps with 4299 atoms
Setting up run ...
Memory usage per processor = 8.23347 Mbytes
Step Temp E_pair E_mol TotEng Press 
      45            0   -20.930172    -244.8872   -265.81737   -18.724821 
      46            0   -20.930172    -244.8872   -265.81737   -18.724821 
Loop time of 0.017092 on 1 procs for 1 steps with 4299 atoms
Setting up run ...
Memory usage per processor = 8.23347 Mbytes
Step Temp E_pair E_mol TotEng Press 
      46            0   -22.376734   -244.66935   -267.04608   -18.747777 
      47            0   -22.376734   -244.66935   -267.04608   -18.747777 
Loop time of 0.0170231 on 1 procs for 1 steps with 4299 atoms
Setting up run ...
Memory usage per processor = 8.23347 Mbytes
Step Temp E_pair E_mol TotEng Press 
      47            0   -20.921767    -245.0445   -265.96627   -18.697348 
      48            0   -20.921767    -245.0445   -265.96627   -18.697348 
Loop time of 0.0172589 on 1 procs for 1 steps with 4299 atoms
12 atoms in group beginOfchain
1 atoms in group restOfchain
System init for delete_bonds ...
Deleting bonds ...
  1648 total bonds, 1647 turned on, 1 turned off
  1442 total angles, 1441 turned on, 1 turned off
  1236 total dihedrals, 1235 turned on, 1 turned off
  0 total impropers, 0 turned on, 0 turned off
Setting up run ...
Memory usage per processor = 8.23347 Mbytes
Step Temp E_pair E_mol TotEng Press 
      48            0   -21.680323   -244.88983   -266.57015   -18.740198 
      49            0   -21.680323   -244.88983   -266.57015   -18.740198 
Loop time of 0.017092 on 1 procs for 1 steps with 4299 atoms
Setting up run ...
Memory usage per processor = 8.23347 Mbytes
Step Temp E_pair E_mol TotEng Press 
      49            0   -21.680323   -244.88983   -266.57015   -18.740198 
      50            0   -21.680323   -244.88983   -266.57015   -18.740198 
Loop time of 0.017323 on 1 procs for 1 steps with 4299 atoms
Setting up run ...
Memory usage per processor = 8.23347 Mbytes
Step Temp E_pair E_mol TotEng Press 
      50            0   -20.355497   -244.83233   -265.18783   -18.708355 
      51            0   -20.355497   -244.83233   -265.18783   -18.708355 
Loop time of 0.0170341 on 1 procs for 1 steps with 4299 atoms
Setting up run ...
Memory usage per processor = 8.23347 Mbytes
Step Temp E_pair E_mol TotEng Press 
      51            0   -22.239695   -244.67104   -266.91074   -18.760045 
      52            0   -22.239695   -244.67104   -266.91074   -18.760045 
Loop time of 0.0171149 on 1 procs for 1 steps with 4299 atoms
Setting up run ...
Memory usage per processor = 8.23347 Mbytes
Step Temp E_pair E_mol TotEng Press 
      52            0    204.42694   -244.84911   -40.422177    -14.61637 
      53            0    204.42694   -244.84911   -40.422177    -14.61637 
Loop time of 0.0170791 on 1 procs for 1 steps with 4299 atoms
Setting up run ...
Memory usage per processor = 8.23347 Mbytes
Step Temp E_pair E_mol TotEng Press 
      53            0   -9.4649373   -244.67519   -254.14012   -18.489149 
      54            0   -9.4649373   -244.67519   -254.14012   -18.489149 
Loop time of 0.0171132 on 1 procs for 1 steps with 4299 atoms
13 atoms in group beginOfchain
System init for delete_bonds ...
Deleting bonds ...
  1648 total bonds, 1648 turned on, 0 turned off
  1442 total angles, 1442 turned on, 0 turned off
  1236 total dihedrals, 1236 turned on, 0 turned off
  0 total impropers, 0 turned on, 0 turned off
Setting up run ...
Memory usage per processor = 8.23347 Mbytes
Step Temp E_pair E_mol TotEng Press 
      54            0   -21.680323   -244.89424   -266.57457   -18.762306 
      55            0   -21.680323   -244.89424   -266.57457   -18.762306 
Loop time of 0.0171361 on 1 procs for 1 steps with 4299 atoms
Setting up run ...
Memory usage per processor = 8.23347 Mbytes
Step Temp E_pair E_mol TotEng Press 
      55            0   -21.680323   -244.89424   -266.57457   -18.762306 
      56            0   -21.680323   -244.89424   -266.57457   -18.762306 
Loop time of 0.017019 on 1 procs for 1 steps with 4299 atoms
Setting up run ...
Memory usage per processor = 8.23347 Mbytes
Step Temp E_pair E_mol TotEng Press 
      56            0   -21.635525   -244.74129   -266.37682   -18.762988 
      57            0   -21.635525   -244.74129   -266.37682   -18.762988 
Loop time of 0.0169599 on 1 procs for 1 steps with 4299 atoms
Setting up run ...
Memory usage per processor = 8.23347 Mbytes
Step Temp E_pair E_mol TotEng Press 
      57            0   -21.884896   -244.70826   -266.59315   -18.769802 
      58            0   -21.884896   -244.70826   -266.59315   -18.769802 
Loop time of 0.017117 on 1 procs for 1 steps with 4299 atoms
Setting up run ...
Memory usage per processor = 8.23347 Mbytes
Step Temp E_pair E_mol TotEng Press 
      58            0    -21.90733   -245.01106   -266.91839   -18.754788 
      59            0    -21.90733   -245.01106   -266.91839   -18.754788 
Loop time of 0.0170639 on 1 procs for 1 steps with 4299 atoms
Setting up run ...
Memory usage per processor = 8.23347 Mbytes
Step Temp E_pair E_mol TotEng Press 
      59            0   -22.001275   -244.69484   -266.69612   -18.773083 
      60            0   -22.001275   -244.69484   -266.69612   -18.773083 
Loop time of 0.017103 on 1 procs for 1 steps with 4299 atoms
10 atoms in group restOfchain
System init for delete_bonds ...
Deleting bonds ...
  1648 total bonds, 1638 turned on, 10 turned off
  1442 total angles, 1432 turned on, 10 turned off
  1236 total dihedrals, 1226 turned on, 10 turned off
  0 total impropers, 0 turned on, 0 turned off
13 atoms in group cbmc_mol
4286 atoms in group all_else
4 atoms in group beginOfchain
9 atoms in group restOfchain
System init for delete_bonds ...
Deleting bonds ...
  1648 total bonds, 1639 turned on, 9 turned off
  1442 total angles, 1433 turned on, 9 turned off
  1236 total dihedrals, 1227 turned on, 9 turned off
  0 total impropers, 0 turned on, 0 turned off
Setting up run ...
Memory usage per processor = 8.23347 Mbytes
Step Temp E_pair E_mol TotEng Press 
      60            0   -21.680323   -244.94444   -266.62477   -18.564392 
      61            0   -21.680323   -244.94444   -266.62477   -18.564392 
Loop time of 0.0169899 on 1 procs for 1 steps with 4299 atoms
Setting up run ...
Memory usage per processor = 8.23347 Mbytes
Step Temp E_pair E_mol TotEng Press 
      61            0    436.24786   -244.23231    192.01555   -10.241372 
      62            0    436.24786   -244.23231    192.01555   -10.241372 
Loop time of 0.017113 on 1 procs for 1 steps with 4299 atoms
Setting up run ...
Memory usage per processor = 8.23347 Mbytes
Step Temp E_pair E_mol TotEng Press 
      62            0    5784.8253   -243.75053    5541.0748    83.329602 
      63            0    5784.8253   -243.75053    5541.0748    83.329602 
Loop time of 0.017189 on 1 procs for 1 steps with 4299 atoms
Setting up run ...
Memory usage per processor = 8.23347 Mbytes
Step Temp E_pair E_mol TotEng Press 
      63            0    168.33833   -243.75691   -75.418587   -14.878225 
      64            0    168.33833   -243.75691   -75.418587   -14.878225 
Loop time of 0.0171249 on 1 procs for 1 steps with 4299 atoms
Setting up run ...
Memory usage per processor = 8.23347 Mbytes
Step Temp E_pair E_mol TotEng Press 
      64            0    22911.923   -244.11823    22667.805    381.41663 
      65            0    22911.923   -244.11823    22667.805    381.41663 
Loop time of 0.0171652 on 1 procs for 1 steps with 4299 atoms
Setting up run ...
Memory usage per processor = 8.23347 Mbytes
Step Temp E_pair E_mol TotEng Press 
      65            0   -21.794859   -245.24418   -267.03904   -18.585444 
      66            0   -21.794859   -245.24418   -267.03904   -18.585444 
Loop time of 0.0170679 on 1 procs for 1 steps with 4299 atoms
5 atoms in group beginOfchain
8 atoms in group restOfchain
System init for delete_bonds ...
Deleting bonds ...
  1648 total bonds, 1640 turned on, 8 turned off
  1442 total angles, 1434 turned on, 8 turned off
  1236 total dihedrals, 1228 turned on, 8 turned off
  0 total impropers, 0 turned on, 0 turned off
Setting up run ...
Memory usage per processor = 8.23347 Mbytes
Step Temp E_pair E_mol TotEng Press 
      66            0 1.0974253e+17 1.5119375e+09 1.0974253e+17 1.9055317e+15 
      67            0 1.0974253e+17 1.5119375e+09 1.0974253e+17 1.9055317e+15 
Loop time of 0.017195 on 1 procs for 1 steps with 4299 atoms
Setting up run ...
Memory usage per processor = 8.23347 Mbytes
Step Temp E_pair E_mol TotEng Press 
      67            0      972.927 1.5119387e+09 1.5119397e+09   -9210918.9 
      68            0      972.927 1.5119387e+09 1.5119397e+09   -9210918.9 
Loop time of 0.0173211 on 1 procs for 1 steps with 4299 atoms
Setting up run ...
Memory usage per processor = 8.23347 Mbytes
Step Temp E_pair E_mol TotEng Press 
      68            0    59455.488 1.5119378e+09 1.5119972e+09   -9209900.6 
      69            0    59455.488 1.5119378e+09 1.5119972e+09   -9209900.6 
Loop time of 0.0171351 on 1 procs for 1 steps with 4299 atoms
Setting up run ...
Memory usage per processor = 8.23347 Mbytes
Step Temp E_pair E_mol TotEng Press 
      69            0    6554.2395 1.5119375e+09 1.511944e+09   -9210819.7 
      70            0    6554.2395 1.5119375e+09 1.511944e+09   -9210819.7 
Loop time of 0.01723 on 1 procs for 1 steps with 4299 atoms
Setting up run ...
Memory usage per processor = 8.23347 Mbytes
Step Temp E_pair E_mol TotEng Press 
      70            0      1821742 1.5119387e+09 1.5137604e+09   -9179296.2 
      71            0      1821742 1.5119387e+09 1.5137604e+09   -9179296.2 
Loop time of 0.017302 on 1 procs for 1 steps with 4299 atoms
Setting up run ...
Memory usage per processor = 8.23347 Mbytes
Step Temp E_pair E_mol TotEng Press 
      71            0      1619329 1.5119386e+09 1.513558e+09   -9182810.8 
      72            0      1619329 1.5119386e+09 1.513558e+09   -9182810.8 
Loop time of 0.017247 on 1 procs for 1 steps with 4299 atoms
6 atoms in group beginOfchain
7 atoms in group restOfchain
System init for delete_bonds ...
Deleting bonds ...
  1648 total bonds, 1641 turned on, 7 turned off
  1442 total angles, 1435 turned on, 7 turned off
  1236 total dihedrals, 1229 turned on, 7 turned off
  0 total impropers, 0 turned on, 0 turned off
Setting up run ...
WARNING: Bond/angle/dihedral extent > half of periodic box length (../domain.cpp:873)
Memory usage per processor = 8.23347 Mbytes
Step Temp E_pair E_mol TotEng Press 
      72            0 6.4964153e+10 1.0816491e+10 7.5780644e+10 1.0634639e+09 
      73            0 6.4964153e+10 1.0816491e+10 7.5780644e+10 1.0634639e+09 
WARNING: Bond/angle/dihedral extent > half of periodic box length (../domain.cpp:873)
Loop time of 0.017072 on 1 procs for 1 steps with 4299 atoms
Setting up run ...
WARNING: Bond/angle/dihedral extent > half of periodic box length (../domain.cpp:873)
Memory usage per processor = 8.23347 Mbytes
Step Temp E_pair E_mol TotEng Press 
      73            0 6.4964153e+10 1.0816491e+10 7.5780644e+10 1.0634639e+09 
      74            0 6.4964153e+10 1.0816491e+10 7.5780644e+10 1.0634639e+09 
WARNING: Bond/angle/dihedral extent > half of periodic box length (../domain.cpp:873)
Loop time of 0.0170999 on 1 procs for 1 steps with 4299 atoms
Setting up run ...
WARNING: Bond/angle/dihedral extent > half of periodic box length (../domain.cpp:873)
Memory usage per processor = 8.23347 Mbytes
Step Temp E_pair E_mol TotEng Press 
      74            0 6.4964155e+10 1.0816491e+10 7.5780647e+10 1.063464e+09 
      75            0 6.4964155e+10 1.0816491e+10 7.5780647e+10 1.063464e+09 
WARNING: Bond/angle/dihedral extent > half of periodic box length (../domain.cpp:873)
Loop time of 0.017097 on 1 procs for 1 steps with 4299 atoms
Setting up run ...
WARNING: Bond/angle/dihedral extent > half of periodic box length (../domain.cpp:873)
Memory usage per processor = 8.23347 Mbytes
Step Temp E_pair E_mol TotEng Press 
      75            0 6.4964153e+10 1.0816491e+10 7.5780644e+10 1.0634639e+09 
      76            0 6.4964153e+10 1.0816491e+10 7.5780644e+10 1.0634639e+09 
WARNING: Bond/angle/dihedral extent > half of periodic box length (../domain.cpp:873)
Loop time of 0.0171218 on 1 procs for 1 steps with 4299 atoms
Setting up run ...
WARNING: Bond/angle/dihedral extent > half of periodic box length (../domain.cpp:873)
Memory usage per processor = 8.23347 Mbytes
Step Temp E_pair E_mol TotEng Press 
      76            0 6.4964153e+10 1.0816491e+10 7.5780644e+10 1.0634639e+09 
      77            0 6.4964153e+10 1.0816491e+10 7.5780644e+10 1.0634639e+09 
WARNING: Bond/angle/dihedral extent > half of periodic box length (../domain.cpp:873)
Loop time of 0.016921 on 1 procs for 1 steps with 4299 atoms
Setting up run ...
WARNING: Bond/angle/dihedral extent > half of periodic box length (../domain.cpp:873)
Memory usage per processor = 8.23347 Mbytes
Step Temp E_pair E_mol TotEng Press 
      77            0 6.8755544e+10 1.0816491e+10 7.9572035e+10 1.1292968e+09 
      78            0 6.8755544e+10 1.0816491e+10 7.9572035e+10 1.1292968e+09 
WARNING: Bond/angle/dihedral extent > half of periodic box length (../domain.cpp:873)
Loop time of 0.016952 on 1 procs for 1 steps with 4299 atoms
7 atoms in group beginOfchain
6 atoms in group restOfchain
System init for delete_bonds ...
Deleting bonds ...
  1648 total bonds, 1642 turned on, 6 turned off
  1442 total angles, 1436 turned on, 6 turned off
  1236 total dihedrals, 1230 turned on, 6 turned off
  0 total impropers, 0 turned on, 0 turned off
Setting up run ...
WARNING: Bond/angle/dihedral extent > half of periodic box length (../domain.cpp:873)
Memory usage per processor = 8.23347 Mbytes
Step Temp E_pair E_mol TotEng Press 
      78            0 1.9489244e+11         -nan         -nan          nan 
      79            0 1.9489244e+11         -nan         -nan          nan 
WARNING: Bond/angle/dihedral extent > half of periodic box length (../domain.cpp:873)
Loop time of 0.0173109 on 1 procs for 1 steps with 4299 atoms
Setting up run ...
WARNING: Bond/angle/dihedral extent > half of periodic box length (../domain.cpp:873)
Memory usage per processor = 8.23347 Mbytes
Ste