# Time-averaged data for fix 5
# TimeStep c_PE
0 -4811.68
100 -4293.17
200 -4810.16
300 -4696.04
400 -4793.08
500 -4793.35
600 -4187.29
700 -4652.94
800 -4680.7
900 -3452.73
1000 -4126.66
1100 -4554.54
1200 -3816.03
1300 -4587.92
1400 -3533.19
1500 -3451.09
1600 -3765.26
1700 -3640.14
1800 -3267.34
